List 'a' (List 'b' (List 'c' (List 'd' (List 'e' (List '\n' End)))))