[990,972,954,936,918,900,882,864,846,828,810,792,774,756,738,720,702,684,666,648,630,612,594,576,558,540,522,504,486,468,450,432,414,396,378,360,342,324,306,288,270,252,234,216,198,180,162,144,126,108,90,72,54,36,18]