<pending>
Expected when polymorphic lists are implemented
True