List 1 2 (List 2 1 (List 3 2 (List 4 1 (List 5 2 (List 6 1 (List 7 2 (List 9 1 (List 11 1 (List 13 1 End)))))))))