<pending>
Should throw a FreeST error instead of a warning and a Haskell error