Tuple (S (List 2 (List 4 End))) (S (List 1 (List 3 End)))