Node 36 (Node 22 (Node 8 Leaf Leaf) (Node 12 (Node 5 Leaf Leaf) (Node 4 Leaf Leaf))) (Node 13 Leaf (Node 7 Leaf Leaf))\n
