<pending>
Expected when polymorphic lists are implemented
[[1,4],[9,16,25]]