<pending>
Data types and Types with the same name

expected: 
Node 1 (Node 2 (Node 8 Leaf Leaf) (Node 3 (Node 5 Leaf Leaf) (Node 4 Leaf Leaf))) (Node 6 Leaf (Node 7 Leaf Leaf))
