List 3 4 5 (List 6 8 10 (List 5 12 13 (List 9 12 15 (List 8 15 17 (List 12 16 20 Nil)))))\n