True\nTrue\nTrue\nTrue\nTrue\nTrue\nTrue\nTrue\nTrue\nTrue\n()\n