List 'c' (List 'c' (List 'c' (List 'c' (List 'c' End))))