<pending>
Data types and Types with the same name

expected: 
Cons 5 (Cons 7 (Cons 2 (Cons 6 (Cons 3 Nil))))
