IIList 1 1 (IIList 1 2 (IIList 1 3 (IIList 3 1 (IIList 3 2 (IIList 3 3 IIEnd)))))