<pending>
Expected when polymorphic lists are implemented
[(1, 'a'),(2, 'b')]