B '{' (Item 1 ':' 1 ',' (Item 2 ':' 2 ',' (Item 3 ':' 3 ',' (Item 4 ':' 4 ',' (Item 8 ':' 8 '}' E)))))