<pending>
Expected when polymorphic lists are implemented
[(1,2),(2,1),(3,2),(4,1),(5,2),(6,1),(7,1),(9,1),(11,1),(13,1)]