BList True (BList True (BList True (BList True (BList True (BList True (BList False BEnd))))))