<pending>
Expected when polymorphic lists are implemented
M [(1, 1),(4, 4),(9, 9),(10, 10)]