DS (Str 'I' (Str 'm' (Str 'p' (Str 'a' (Str 'r' End))))) (Str 'P' (Str 'a' (Str 'r' End)))