<pending>
Expected when polymorphic lists are implemented
[1,2]