<pending>
Expected when polymorphic lists are implemented
[(1,3),(2,2),(3,1)]