List 1 4 (List 1 5 (List 1 6 (List 2 4 (List 2 5 (List 2 6 (List 3 4 (List 3 5 (List 3 6 End))))))))