[5000,2500,2000,1250,1000,625,500,400,250,200,125,100,80,50,40,25,20,16,10,8,5,4,2,1]