Cons 'H' (Cons 'e' (Cons 'l' (Cons 'l' (Cons 'o' Nil))))\n
