List (Letter 's' (Letter 'A' Empty)) (List (Letter 's' (Letter 'a' (Letter 'r' (Letter 't' (Letter 'e' Empty))))) (List (Letter 's' (Letter 'd' (Letter 'o' Empty))) (List (Letter 's' (Letter 'a' (Letter 'l' (Letter 'u' (Letter 'n' (Letter 'o' Empty)))))) End)))