<pending>

Some permutation of lines "Ami got cake!" and "Boe got disappointment", 
    or "Boe got cake!" and "Ami got disappointment"