JArray (JACons (JNumber 1) (JACons (JNumber 2) (JACons (JNumber 3) (JACons (JNumber 4) JANil))))\n