<pending>
This test is waiting on channel passing
to be implemented. Once it is implemented,
it should return:

1
2
3
4
5
6
7
8
9
10
11
12
13
14
15
16
17
18
19
20
()

Note: this test uses a function 'wait'
  which at the time of writing was not yet
  implemented.