Node 36 (Node 14 Leaf (Node 12 Leaf (Node 9 Leaf (Node 5 Leaf Leaf)))) (Node 21 Leaf (Node 15 Leaf (Node 8 Leaf Leaf)))
