Pair (List 1 (List 2 (List 3 End))) (List 4 (List 5 (List 6 End)))