B '{' (Item 2 ',' (Item 4 ',' (Item 5 ',' (Item 8 ',' (Item 9 '}' E)))))