S 'p' (S 'n' (S ' ' (S 'c' (S 'n' (S ' ' (S ' ' (S 'E' (S 'n' (S ' ' (S ' ' (S 'g' (S 'n' (S ' ' (S ' ' (S ' ' (S 'E' (S 'n' (S ' ' (S ' ' (S ' ' (S 'E' (S 'n' (S ' ' (S 'p' (S 'n' (S ' ' (S ' ' (S 'E' (S 'n' (S ' ' (S ' ' (S 'E' (S 'n' Nil)))))))))))))))))))))))))))))))))