CList 'a' (CList 'b' (CList 'e' (CList 'f' CEnd)))