List (Pair 1 3) (List (Pair 2 2) (List (Pair 3 1) End))