<pending>
Expected when polymorphic lists are implemented
([1,2,3], [4,5,6])