List 12 (List 14 (List 16 (List 18 (List 20 End))))