<pending>
Expected when polymorphic lists are implemented
[False,True]