ListC 'E' (ListC 'r' (ListC 'r' (ListC 'o' (ListC 'u' Nil))))