List '4' (List '3' (List '1' (List '0' (List 'S' (List '7' (List 'Z' (List 'Z' End)))))))